// Jest Snapshot v1, https://goo.gl/fbAQLP

exports[`renders CountryItem correctly 1`] = `
Array [
  <View
    style={
      Object {
        "alignItems": "center",
        "flexDirection": "row",
        "height": 60,
        "paddingHorizontal": 24,
      }
    }
    testID="country-item"
  >
    <View
      style={
        Array [
          Object {
            "overflow": "hidden",
          },
          Object {
            "height": 30,
            "width": 60,
          },
        ]
      }
    >
      <FastImageView
        resizeMode="contain"
        source={
          Object {
            "uri": "https://flagcdn.com/w320/se.png",
          }
        }
        style={
          Object {
            "bottom": 0,
            "left": 0,
            "position": "absolute",
            "right": 0,
            "top": 0,
          }
        }
        testID="country-item-image"
      />
    </View>
    <Text
      style={
        Object {
          "color": "#ffffff",
          "flex": 1,
          "fontSize": 16,
          "marginLeft": 16,
        }
      }
      testID="country-item-name"
    >
      Sweden
    </Text>
  </View>,
  <View
    style={
      Object {
        "alignItems": "center",
        "flexDirection": "row",
        "height": 60,
        "paddingHorizontal": 24,
      }
    }
    testID="country-item"
  >
    <View
      style={
        Array [
          Object {
            "overflow": "hidden",
          },
          Object {
            "height": 30,
            "width": 60,
          },
        ]
      }
    >
      <FastImageView
        resizeMode="contain"
        source={
          Object {
            "uri": "https://flagcdn.com/w320/al.png",
          }
        }
        style={
          Object {
            "bottom": 0,
            "left": 0,
            "position": "absolute",
            "right": 0,
            "top": 0,
          }
        }
        testID="country-item-image"
      />
    </View>
    <Text
      style={
        Object {
          "color": "#ffffff",
          "flex": 1,
          "fontSize": 16,
          "marginLeft": 16,
        }
      }
      testID="country-item-name"
    >
      Albania
    </Text>
  </View>,
  <View
    style={
      Object {
        "alignItems": "center",
        "flexDirection": "row",
        "height": 60,
        "paddingHorizontal": 24,
      }
    }
    testID="country-item"
  >
    <View
      style={
        Array [
          Object {
            "overflow": "hidden",
          },
          Object {
            "height": 30,
            "width": 60,
          },
        ]
      }
    >
      <FastImageView
        resizeMode="contain"
        source={
          Object {
            "uri": "https://flagcdn.com/w320/vu.png",
          }
        }
        style={
          Object {
            "bottom": 0,
            "left": 0,
            "position": "absolute",
            "right": 0,
            "top": 0,
          }
        }
        testID="country-item-image"
      />
    </View>
    <Text
      style={
        Object {
          "color": "#ffffff",
          "flex": 1,
          "fontSize": 16,
          "marginLeft": 16,
        }
      }
      testID="country-item-name"
    >
      Vanuatu
    </Text>
  </View>,
  <View
    style={
      Object {
        "alignItems": "center",
        "flexDirection": "row",
        "height": 60,
        "paddingHorizontal": 24,
      }
    }
    testID="country-item"
  >
    <View
      style={
        Array [
          Object {
            "overflow": "hidden",
          },
          Object {
            "height": 30,
            "width": 60,
          },
        ]
      }
    >
      <FastImageView
        resizeMode="contain"
        source={
          Object {
            "uri": "https://flagcdn.com/w320/mu.png",
          }
        }
        style={
          Object {
            "bottom": 0,
            "left": 0,
            "position": "absolute",
            "right": 0,
            "top": 0,
          }
        }
        testID="country-item-image"
      />
    </View>
    <Text
      style={
        Object {
          "color": "#ffffff",
          "flex": 1,
          "fontSize": 16,
          "marginLeft": 16,
        }
      }
      testID="country-item-name"
    >
      Mauritius
    </Text>
  </View>,
  <View
    style={
      Object {
        "alignItems": "center",
        "flexDirection": "row",
        "height": 60,
        "paddingHorizontal": 24,
      }
    }
    testID="country-item"
  >
    <View
      style={
        Array [
          Object {
            "overflow": "hidden",
          },
          Object {
            "height": 30,
            "width": 60,
          },
        ]
      }
    >
      <FastImageView
        resizeMode="contain"
        source={
          Object {
            "uri": "https://flagcdn.com/w320/gb.png",
          }
        }
        style={
          Object {
            "bottom": 0,
            "left": 0,
            "position": "absolute",
            "right": 0,
            "top": 0,
          }
        }
        testID="country-item-image"
      />
    </View>
    <Text
      style={
        Object {
          "color": "#ffffff",
          "flex": 1,
          "fontSize": 16,
          "marginLeft": 16,
        }
      }
      testID="country-item-name"
    >
      United Kingdom
    </Text>
  </View>,
  <View
    style={
      Object {
        "alignItems": "center",
        "flexDirection": "row",
        "height": 60,
        "paddingHorizontal": 24,
      }
    }
    testID="country-item"
  >
    <View
      style={
        Array [
          Object {
            "overflow": "hidden",
          },
          Object {
            "height": 30,
            "width": 60,
          },
        ]
      }
    >
      <FastImageView
        resizeMode="contain"
        source={
          Object {
            "uri": "https://flagcdn.com/w320/pt.png",
          }
        }
        style={
          Object {
            "bottom": 0,
            "left": 0,
            "position": "absolute",
            "right": 0,
            "top": 0,
          }
        }
        testID="country-item-image"
      />
    </View>
    <Text
      style={
        Object {
          "color": "#ffffff",
          "flex": 1,
          "fontSize": 16,
          "marginLeft": 16,
        }
      }
      testID="country-item-name"
    >
      Portugal
    </Text>
  </View>,
  <View
    style={
      Object {
        "alignItems": "center",
        "flexDirection": "row",
        "height": 60,
        "paddingHorizontal": 24,
      }
    }
    testID="country-item"
  >
    <View
      style={
        Array [
          Object {
            "overflow": "hidden",
          },
          Object {
            "height": 30,
            "width": 60,
          },
        ]
      }
    >
      <FastImageView
        resizeMode="contain"
        source={
          Object {
            "uri": "https://flagcdn.com/w320/ci.png",
          }
        }
        style={
          Object {
            "bottom": 0,
            "left": 0,
            "position": "absolute",
            "right": 0,
            "top": 0,
          }
        }
        testID="country-item-image"
      />
    </View>
    <Text
      style={
        Object {
          "color": "#ffffff",
          "flex": 1,
          "fontSize": 16,
          "marginLeft": 16,
        }
      }
      testID="country-item-name"
    >
      Ivory Coast
    </Text>
  </View>,
  <View
    style={
      Object {
        "alignItems": "center",
        "flexDirection": "row",
        "height": 60,
        "paddingHorizontal": 24,
      }
    }
    testID="country-item"
  >
    <View
      style={
        Array [
          Object {
            "overflow": "hidden",
          },
          Object {
            "height": 30,
            "width": 60,
          },
        ]
      }
    >
      <FastImageView
        resizeMode="contain"
        source={
          Object {
            "uri": "https://flagcdn.com/w320/ge.png",
          }
        }
        style={
          Object {
            "bottom": 0,
            "left": 0,
            "position": "absolute",
            "right": 0,
            "top": 0,
          }
        }
        testID="country-item-image"
      />
    </View>
    <Text
      style={
        Object {
          "color": "#ffffff",
          "flex": 1,
          "fontSize": 16,
          "marginLeft": 16,
        }
      }
      testID="country-item-name"
    >
      Georgia
    </Text>
  </View>,
  <View
    style={
      Object {
        "alignItems": "center",
        "flexDirection": "row",
        "height": 60,
        "paddingHorizontal": 24,
      }
    }
    testID="country-item"
  >
    <View
      style={
        Array [
          Object {
            "overflow": "hidden",
          },
          Object {
            "height": 30,
            "width": 60,
          },
        ]
      }
    >
      <FastImageView
        resizeMode="contain"
        source={
          Object {
            "uri": "https://flagcdn.com/w320/bt.png",
          }
        }
        style={
          Object {
            "bottom": 0,
            "left": 0,
            "position": "absolute",
            "right": 0,
            "top": 0,
          }
        }
        testID="country-item-image"
      />
    </View>
    <Text
      style={
        Object {
          "color": "#ffffff",
          "flex": 1,
          "fontSize": 16,
          "marginLeft": 16,
        }
      }
      testID="country-item-name"
    >
      Bhutan
    </Text>
  </View>,
  <View
    style={
      Object {
        "alignItems": "center",
        "flexDirection": "row",
        "height": 60,
        "paddingHorizontal": 24,
      }
    }
    testID="country-item"
  >
    <View
      style={
        Array [
          Object {
            "overflow": "hidden",
          },
          Object {
            "height": 30,
            "width": 60,
          },
        ]
      }
    >
      <FastImageView
        resizeMode="contain"
        source={
          Object {
            "uri": "https://flagcdn.com/w320/na.png",
          }
        }
        style={
          Object {
            "bottom": 0,
            "left": 0,
            "position": "absolute",
            "right": 0,
            "top": 0,
          }
        }
        testID="country-item-image"
      />
    </View>
    <Text
      style={
        Object {
          "color": "#ffffff",
          "flex": 1,
          "fontSize": 16,
          "marginLeft": 16,
        }
      }
      testID="country-item-name"
    >
      Namibia
    </Text>
  </View>,
  <View
    style={
      Object {
        "alignItems": "center",
        "flexDirection": "row",
        "height": 60,
        "paddingHorizontal": 24,
      }
    }
    testID="country-item"
  >
    <View
      style={
        Array [
          Object {
            "overflow": "hidden",
          },
          Object {
            "height": 30,
            "width": 60,
          },
        ]
      }
    >
      <FastImageView
        resizeMode="contain"
        source={
          Object {
            "uri": "https://flagcdn.com/w320/nl.png",
          }
        }
        style={
          Object {
            "bottom": 0,
            "left": 0,
            "position": "absolute",
            "right": 0,
            "top": 0,
          }
        }
        testID="country-item-image"
      />
    </View>
    <Text
      style={
        Object {
          "color": "#ffffff",
          "flex": 1,
          "fontSize": 16,
          "marginLeft": 16,
        }
      }
      testID="country-item-name"
    >
      Netherlands
    </Text>
  </View>,
  <View
    style={
      Object {
        "alignItems": "center",
        "flexDirection": "row",
        "height": 60,
        "paddingHorizontal": 24,
      }
    }
    testID="country-item"
  >
    <View
      style={
        Array [
          Object {
            "overflow": "hidden",
          },
          Object {
            "height": 30,
            "width": 60,
          },
        ]
      }
    >
      <FastImageView
        resizeMode="contain"
        source={
          Object {
            "uri": "https://flagcdn.com/w320/uy.png",
          }
        }
        style={
          Object {
            "bottom": 0,
            "left": 0,
            "position": "absolute",
            "right": 0,
            "top": 0,
          }
        }
        testID="country-item-image"
      />
    </View>
    <Text
      style={
        Object {
          "color": "#ffffff",
          "flex": 1,
          "fontSize": 16,
          "marginLeft": 16,
        }
      }
      testID="country-item-name"
    >
      Uruguay
    </Text>
  </View>,
  <View
    style={
      Object {
        "alignItems": "center",
        "flexDirection": "row",
        "height": 60,
        "paddingHorizontal": 24,
      }
    }
    testID="country-item"
  >
    <View
      style={
        Array [
          Object {
            "overflow": "hidden",
          },
          Object {
            "height": 30,
            "width": 60,
          },
        ]
      }
    >
      <FastImageView
        resizeMode="contain"
        source={
          Object {
            "uri": "https://flagcdn.com/w320/be.png",
          }
        }
        style={
          Object {
            "bottom": 0,
            "left": 0,
            "position": "absolute",
            "right": 0,
            "top": 0,
          }
        }
        testID="country-item-image"
      />
    </View>
    <Text
      style={
        Object {
          "color": "#ffffff",
          "flex": 1,
          "fontSize": 16,
          "marginLeft": 16,
        }
      }
      testID="country-item-name"
    >
      Belgium
    </Text>
  </View>,
  <View
    style={
      Object {
        "alignItems": "center",
        "flexDirection": "row",
        "height": 60,
        "paddingHorizontal": 24,
      }
    }
    testID="country-item"
  >
    <View
      style={
        Array [
          Object {
            "overflow": "hidden",
          },
          Object {
            "height": 30,
            "width": 60,
          },
        ]
      }
    >
      <FastImageView
        resizeMode="contain"
        source={
          Object {
            "uri": "https://flagcdn.com/w320/gg.png",
          }
        }
        style={
          Object {
            "bottom": 0,
            "left": 0,
            "position": "absolute",
            "right": 0,
            "top": 0,
          }
        }
        testID="country-item-image"
      />
    </View>
    <Text
      style={
        Object {
          "color": "#ffffff",
          "flex": 1,
          "fontSize": 16,
          "marginLeft": 16,
        }
      }
      testID="country-item-name"
    >
      Guernsey
    </Text>
  </View>,
  <View
    style={
      Object {
        "alignItems": "center",
        "flexDirection": "row",
        "height": 60,
        "paddingHorizontal": 24,
      }
    }
    testID="country-item"
  >
    <View
      style={
        Array [
          Object {
            "overflow": "hidden",
          },
          Object {
            "height": 30,
            "width": 60,
          },
        ]
      }
    >
      <FastImageView
        resizeMode="contain"
        source={
          Object {
            "uri": "https://flagcdn.com/w320/vi.png",
          }
        }
        style={
          Object {
            "bottom": 0,
            "left": 0,
            "position": "absolute",
            "right": 0,
            "top": 0,
          }
        }
        testID="country-item-image"
      />
    </View>
    <Text
      style={
        Object {
          "color": "#ffffff",
          "flex": 1,
          "fontSize": 16,
          "marginLeft": 16,
        }
      }
      testID="country-item-name"
    >
      United States Virgin Islands
    </Text>
  </View>,
  <View
    style={
      Object {
        "alignItems": "center",
        "flexDirection": "row",
        "height": 60,
        "paddingHorizontal": 24,
      }
    }
    testID="country-item"
  >
    <View
      style={
        Array [
          Object {
            "overflow": "hidden",
          },
          Object {
            "height": 30,
            "width": 60,
          },
        ]
      }
    >
      <FastImageView
        resizeMode="contain"
        source={
          Object {
            "uri": "https://flagcdn.com/w320/ug.png",
          }
        }
        style={
          Object {
            "bottom": 0,
            "left": 0,
            "position": "absolute",
            "right": 0,
            "top": 0,
          }
        }
        testID="country-item-image"
      />
    </View>
    <Text
      style={
        Object {
          "color": "#ffffff",
          "flex": 1,
          "fontSize": 16,
          "marginLeft": 16,
        }
      }
      testID="country-item-name"
    >
      Uganda
    </Text>
  </View>,
  <View
    style={
      Object {
        "alignItems": "center",
        "flexDirection": "row",
        "height": 60,
        "paddingHorizontal": 24,
      }
    }
    testID="country-item"
  >
    <View
      style={
        Array [
          Object {
            "overflow": "hidden",
          },
          Object {
            "height": 30,
            "width": 60,
          },
        ]
      }
    >
      <FastImageView
        resizeMode="contain"
        source={
          Object {
            "uri": "https://flagcdn.com/w320/li.png",
          }
        }
        style={
          Object {
            "bottom": 0,
            "left": 0,
            "position": "absolute",
            "right": 0,
            "top": 0,
          }
        }
        testID="country-item-image"
      />
    </View>
    <Text
      style={
        Object {
          "color": "#ffffff",
          "flex": 1,
          "fontSize": 16,
          "marginLeft": 16,
        }
      }
      testID="country-item-name"
    >
      Liechtenstein
    </Text>
  </View>,
  <View
    style={
      Object {
        "alignItems": "center",
        "flexDirection": "row",
        "height": 60,
        "paddingHorizontal": 24,
      }
    }
    testID="country-item"
  >
    <View
      style={
        Array [
          Object {
            "overflow": "hidden",
          },
          Object {
            "height": 30,
            "width": 60,
          },
        ]
      }
    >
      <FastImageView
        resizeMode="contain"
        source={
          Object {
            "uri": "https://flagcdn.com/w320/gw.png",
          }
        }
        style={
          Object {
            "bottom": 0,
            "left": 0,
            "position": "absolute",
            "right": 0,
            "top": 0,
          }
        }
        testID="country-item-image"
      />
    </View>
    <Text
      style={
        Object {
          "color": "#ffffff",
          "flex": 1,
          "fontSize": 16,
          "marginLeft": 16,
        }
      }
      testID="country-item-name"
    >
      Guinea-Bissau
    </Text>
  </View>,
  <View
    style={
      Object {
        "alignItems": "center",
        "flexDirection": "row",
        "height": 60,
        "paddingHorizontal": 24,
      }
    }
    testID="country-item"
  >
    <View
      style={
        Array [
          Object {
            "overflow": "hidden",
          },
          Object {
            "height": 30,
            "width": 60,
          },
        ]
      }
    >
      <FastImageView
        resizeMode="contain"
        source={
          Object {
            "uri": "https://flagcdn.com/w320/kr.png",
          }
        }
        style={
          Object {
            "bottom": 0,
            "left": 0,
            "position": "absolute",
            "right": 0,
            "top": 0,
          }
        }
        testID="country-item-image"
      />
    </View>
    <Text
      style={
        Object {
          "color": "#ffffff",
          "flex": 1,
          "fontSize": 16,
          "marginLeft": 16,
        }
      }
      testID="country-item-name"
    >
      South Korea
    </Text>
  </View>,
  <View
    style={
      Object {
        "alignItems": "center",
        "flexDirection": "row",
        "height": 60,
        "paddingHorizontal": 24,
      }
    }
    testID="country-item"
  >
    <View
      style={
        Array [
          Object {
            "overflow": "hidden",
          },
          Object {
            "height": 30,
            "width": 60,
          },
        ]
      }
    >
      <FastImageView
        resizeMode="contain"
        source={
          Object {
            "uri": "https://flagcdn.com/w320/cu.png",
          }
        }
        style={
          Object {
            "bottom": 0,
            "left": 0,
            "position": "absolute",
            "right": 0,
            "top": 0,
          }
        }
        testID="country-item-image"
      />
    </View>
    <Text
      style={
        Object {
          "color": "#ffffff",
          "flex": 1,
          "fontSize": 16,
          "marginLeft": 16,
        }
      }
      testID="country-item-name"
    >
      Cuba
    </Text>
  </View>,
]
`;
